Re-optimizing dependencies because lockfile has changed

  [32m[1mVITE[22m v5.4.21[39m  [2mready in [0m[1m614[22m[2m[0m ms[22m

  [32m➜[39m  [1mLocal[22m:   [36mhttp://localhost:[1m5173[22m/[39m
[2m  [32m➜[39m  [1mNetwork[22m[2m: use [22m[1m--host[22m[2m to expose[22m
[2m4:00:06 PM[22m [36m[1m[vite][22m[39m [32mhmr update [39m[2m/src/modules/ai-assistant/face-enhance/index.tsx[22m
[2m4:04:02 PM[22m [36m[1m[vite][22m[39m [32mhmr update [39m[2m/src/modules/ai-assistant/face-enhance/index.tsx[22m
[2m4:04:56 PM[22m [36m[1m[vite][22m[39m [32mhmr update [39m[2m/src/App.tsx, /src/pages/Home.tsx[22m
[2m4:09:36 PM[22m [36m[1m[vite][22m[39m [32mhmr update [39m[2m/src/modules/ai-assistant/video-face-enhance/index.tsx[22m
[2m4:09:44 PM[22m [36m[1m[vite][22m[39m [32mhmr update [39m[2m/src/modules/ai-assistant/video-face-enhance/index.tsx[22m
[2m4:09:50 PM[22m [36m[1m[vite][22m[39m [32mhmr update [39m[2m/src/modules/ai-assistant/video-face-enhance/index.tsx[22m
[2m4:09:54 PM[22m [36m[1m[vite][22m[39m [32mhmr update [39m[2m/src/modules/ai-assistant/video-face-enhance/style.css[22m
[2m4:12:54 PM[22m [36m[1m[vite][22m[39m [32mhmr update [39m[2m/src/modules/ai-assistant/video-face-enhance/index.tsx[22m
[2m4:14:25 PM[22m [36m[1m[vite][22m[39m [32mhmr update [39m[2m/src/modules/ai-assistant/video-face-enhance/index.tsx[22m
[2m4:14:43 PM[22m [36m[1m[vite][22m[39m [32mhmr update [39m[2m/src/modules/ai-assistant/video-face-enhance/index.tsx[22m
[2m4:15:31 PM[22m [36m[1m[vite][22m[39m [32mhmr update [39m[2m/src/App.tsx, /src/pages/Home.tsx[22m
[2m4:18:15 PM[22m [36m[1m[vite][22m[39m [32mhmr update [39m[2m/src/modules/ai-assistant/video-face-enhance/index.tsx[22m
[2m4:23:20 PM[22m [36m[1m[vite][22m[39m [32mhmr update [39m[2m/src/modules/ai-assistant/face-enhance/index.tsx, /src/modules/ai-assistant/video-face-enhance/index.tsx[22m
[2m4:23:27 PM[22m [36m[1m[vite][22m[39m [32mhmr update [39m[2m/src/modules/ai-assistant/face-enhance/index.tsx, /src/modules/ai-assistant/video-face-enhance/index.tsx[22m
[2m4:23:51 PM[22m [36m[1m[vite][22m[39m [32mhmr update [39m[2m/src/modules/ai-assistant/video-face-enhance/index.tsx[22m
[2m4:24:00 PM[22m [36m[1m[vite][22m[39m [32mhmr update [39m[2m/src/modules/ai-assistant/video-face-enhance/index.tsx[22m
[2m4:24:47 PM[22m [36m[1m[vite][22m[39m [32mhmr update [39m[2m/src/modules/ai-assistant/face-enhance/index.tsx, /src/modules/ai-assistant/video-face-enhance/index.tsx[22m
[2m4:25:39 PM[22m [36m[1m[vite][22m[39m [32mhmr update [39m[2m/src/modules/ai-assistant/video-face-enhance/index.tsx[22m
[2m4:26:28 PM[22m [36m[1m[vite][22m[39m [32mhmr update [39m[2m/src/App.tsx, /src/pages/Home.tsx[22m
[2m4:29:38 PM[22m [36m[1m[vite][22m[39m [32mpage reload [39m[2msrc/modules/ai-assistant/video-face-enhance/videoEnhance.ts[22m
[2m4:29:43 PM[22m [36m[1m[vite][22m[39m [32mhmr update [39m[2m/src/modules/ai-assistant/face-enhance/index.tsx, /src/modules/ai-assistant/video-face-enhance/index.tsx[22m
[2m4:29:59 PM[22m [36m[1m[vite][22m[39m [32mhmr update [39m[2m/src/modules/ai-assistant/video-face-enhance/index.tsx[22m
[2m4:30:11 PM[22m [36m[1m[vite][22m[39m [32mhmr update [39m[2m/src/modules/ai-assistant/video-face-enhance/index.tsx[22m
[2m4:31:24 PM[22m [36m[1m[vite][22m[39m [32mhmr update [39m[2m/src/App.tsx, /src/pages/Home.tsx[22m
[2m4:43:12 PM[22m [36m[1m[vite][22m[39m [32mhmr update [39m[2m/src/modules/ai-assistant/video-face-enhance/index.tsx[22m
[2m4:43:12 PM[22m [36m[1m[vite][22m[39m [32mhmr update [39m[2m/src/modules/ai-assistant/face-enhance/index.tsx, /src/modules/ai-assistant/video-face-enhance/index.tsx[22m
[2m4:43:12 PM[22m [36m[1m[vite][22m[39m [32mpage reload [39m[2msrc/modules/photo-studio/shared/faceDetect.ts[22m
[2m4:43:12 PM[22m [36m[1m[vite][22m[39m [32mhmr update [39m[2m/src/modules/ai-assistant/video-face-enhance/style.css[22m
[2m4:43:12 PM[22m [36m[1m[vite][22m[39m [32mpage reload [39m[2msrc/modules/ai-assistant/video-face-enhance/videoEnhance.ts[22m
[2m4:43:12 PM[22m [36m[1m[vite][22m[39m [32mpage reload [39m[2msrc/modules/ai-assistant/video-face-enhance/faceWorker.ts[22m
[2m4:43:12 PM[22m [36m[1m[vite][22m[39m [32mpage reload [39m[2msrc/modules/shared/recordWithAudio.ts[22m
[2m4:43:17 PM[22m [36m[1m[vite][22m[39m [32mhmr update [39m[2m/src/App.tsx, /src/pages/Home.tsx[22m
[2m4:45:13 PM[22m [36m[1m[vite][22m[39m [32mhmr update [39m[2m/src/modules/ai-assistant/video-face-enhance/index.tsx[22m
[2m4:45:13 PM[22m [36m[1m[vite][22m[39m [32mhmr update [39m[2m/src/modules/ai-assistant/face-enhance/index.tsx, /src/modules/ai-assistant/video-face-enhance/index.tsx[22m
[2m4:45:13 PM[22m [36m[1m[vite][22m[39m [32mhmr update [39m[2m/src/modules/ai-assistant/video-face-enhance/style.css[22m
[2m4:45:13 PM[22m [36m[1m[vite][22m[39m [32mhmr update [39m[2m/src/modules/ai-assistant/face-enhance/index.tsx, /src/modules/ai-assistant/video-face-enhance/index.tsx[22m
[2m4:45:13 PM[22m [36m[1m[vite][22m[39m [32mhmr update [39m[2m/src/App.tsx, /src/pages/Home.tsx[22m
[2m4:45:13 PM[22m [36m[1m[vite][22m[39m [32mhmr update [39m[2m/src/modules/ai-assistant/face-enhance/index.tsx, /src/modules/ai-assistant/video-face-enhance/index.tsx[22m
[2m4:45:13 PM[22m [36m[1m[vite][22m[39m [32mhmr update [39m[2m/src/modules/ai-assistant/face-enhance/index.tsx[22m
[2m4:45:18 PM[22m [36m[1m[vite][22m[39m [32mhmr update [39m[2m/src/modules/ai-assistant/video-face-enhance/index.tsx[22m
[2m4:45:18 PM[22m [36m[1m[vite][22m[39m [32mhmr update [39m[2m/src/modules/ai-assistant/face-enhance/index.tsx, /src/modules/ai-assistant/video-face-enhance/index.tsx[22m
[2m4:45:18 PM[22m [36m[1m[vite][22m[39m [32mhmr update [39m[2m/src/modules/ai-assistant/face-enhance/index.tsx, /src/modules/ai-assistant/video-face-enhance/index.tsx[22m
[2m4:45:18 PM[22m [36m[1m[vite][22m[39m [32mhmr update [39m[2m/src/modules/ai-assistant/video-face-enhance/style.css[22m
[2m4:45:18 PM[22m [36m[1m[vite][22m[39m [32mhmr update [39m[2m/src/modules/ai-assistant/face-enhance/index.tsx, /src/modules/ai-assistant/video-face-enhance/index.tsx[22m
[2m4:45:18 PM[22m [36m[1m[vite][22m[39m [32mhmr update [39m[2m/src/App.tsx, /src/pages/Home.tsx[22m
[2m4:45:18 PM[22m [36m[1m[vite][22m[39m [32mhmr update [39m[2m/src/modules/ai-assistant/face-enhance/index.tsx, /src/modules/ai-assistant/video-face-enhance/index.tsx[22m
[2m4:45:18 PM[22m [36m[1m[vite][22m[39m [32mpage reload [39m[2msrc/modules/ai-assistant/video-face-enhance/faceWorker.ts[22m
[2m4:45:18 PM[22m [36m[1m[vite][22m[39m [32mpage reload [39m[2msrc/modules/shared/recordWithAudio.ts[22m
[2m4:45:25 PM[22m [36m[1m[vite][22m[39m [32mhmr update [39m[2m/src/modules/ai-assistant/face-enhance/index.tsx[22m
[2m4:45:51 PM[22m [36m[1m[vite][22m[39m [32mhmr update [39m[2m/src/modules/ai-assistant/face-enhance/index.tsx, /src/modules/ai-assistant/video-face-enhance/index.tsx[22m
[2m4:45:51 PM[22m [36m[1m[vite][22m[39m [32mhmr update [39m[2m/src/modules/ai-assistant/face-enhance/index.tsx, /src/modules/ai-assistant/video-face-enhance/index.tsx[22m
[2m4:45:51 PM[22m [36m[1m[vite][22m[39m [32mpage reload [39m[2msrc/modules/ai-assistant/video-face-enhance/faceWorker.ts[22m
[2m4:45:51 PM[22m [36m[1m[vite][22m[39m [32mpage reload [39m[2msrc/modules/shared/recordWithAudio.ts[22m
[2m4:47:45 PM[22m [36m[1m[vite][22m[39m [32mhmr update [39m[2m/src/modules/ai-assistant/video-face-enhance/index.tsx[22m
[2m4:48:08 PM[22m [36m[1m[vite][22m[39m [32mhmr update [39m[2m/src/modules/ai-assistant/video-face-enhance/index.tsx[22m
[2m4:48:17 PM[22m [36m[1m[vite][22m[39m [32mhmr update [39m[2m/src/modules/ai-assistant/video-face-enhance/index.tsx[22m
[2m4:48:29 PM[22m [36m[1m[vite][22m[39m [32mhmr update [39m[2m/src/modules/ai-assistant/face-enhance/index.tsx, /src/modules/ai-assistant/video-face-enhance/index.tsx[22m
[2m4:49:02 PM[22m [36m[1m[vite][22m[39m [32mhmr update [39m[2m/src/modules/ai-assistant/video-face-enhance/style.css[22m
[2m4:49:06 PM[22m [36m[1m[vite][22m[39m [32mhmr update [39m[2m/src/App.tsx, /src/pages/Home.tsx[22m
[2m4:50:10 PM[22m [36m[1m[vite][22m[39m [32mhmr update [39m[2m/src/modules/ai-assistant/face-enhance/index.tsx, /src/modules/ai-assistant/video-face-enhance/index.tsx[22m
[2m4:51:24 PM[22m [36m[1m[vite][22m[39m [32mhmr update [39m[2m/src/modules/ai-assistant/video-face-enhance/index.tsx[22m
[2m4:51:24 PM[22m [36m[1m[vite][22m[39m [32mhmr update [39m[2m/src/modules/ai-assistant/face-enhance/index.tsx, /src/modules/ai-assistant/video-face-enhance/index.tsx[22m
[2m4:51:24 PM[22m [36m[1m[vite][22m[39m [32mhmr update [39m[2m/src/modules/ai-assistant/video-face-enhance/style.css[22m
[2m4:51:24 PM[22m [36m[1m[vite][22m[39m [32mhmr update [39m[2m/src/modules/ai-assistant/face-enhance/index.tsx, /src/modules/ai-assistant/video-face-enhance/index.tsx[22m
[2m4:51:24 PM[22m [36m[1m[vite][22m[39m [32mhmr update [39m[2m/src/modules/ai-assistant/face-enhance/index.tsx, /src/modules/ai-assistant/video-face-enhance/index.tsx[22m
[2m4:51:24 PM[22m [36m[1m[vite][22m[39m [32mhmr update [39m[2m/src/App.tsx, /src/pages/Home.tsx[22m
[2m4:51:24 PM[22m [36m[1m[vite][22m[39m [32mhmr update [39m[2m/src/modules/ai-assistant/face-enhance/index.tsx[22m
[2m4:51:24 PM[22m [36m[1m[vite][22m[39m [32mhmr update [39m[2m/src/modules/ai-assistant/face-enhance/index.tsx[22m
[2m4:51:24 PM[22m [36m[1m[vite][22m[39m [32mpage reload [39m[2msrc/modules/ai-assistant/video-face-enhance/faceWorker.ts[22m
[2m4:51:24 PM[22m [36m[1m[vite][22m[39m [32mpage reload [39m[2msrc/modules/shared/recordWithAudio.ts[22m
[2m4:51:40 PM[22m [36m[1m[vite][22m[39m [32mhmr update [39m[2m/src/modules/ai-assistant/face-enhance/index.tsx, /src/modules/ai-assistant/video-face-enhance/index.tsx[22m
[2m4:51:40 PM[22m [36m[1m[vite][22m[39m [32mhmr update [39m[2m/src/modules/ai-assistant/face-enhance/index.tsx, /src/modules/ai-assistant/video-face-enhance/index.tsx[22m
[2m4:51:40 PM[22m [36m[1m[vite][22m[39m [32mpage reload [39m[2msrc/modules/ai-assistant/video-face-enhance/faceWorker.ts[22m
[2m4:51:40 PM[22m [36m[1m[vite][22m[39m [32mpage reload [39m[2msrc/modules/shared/recordWithAudio.ts[22m
[2m4:51:50 PM[22m [36m[1m[vite][22m[39m [32mhmr update [39m[2m/src/modules/ai-assistant/video-face-enhance/index.tsx[22m
[2m4:52:02 PM[22m [36m[1m[vite][22m[39m [32mhmr update [39m[2m/src/modules/ai-assistant/video-face-enhance/index.tsx[22m
[2m4:52:18 PM[22m [36m[1m[vite][22m[39m [32mhmr update [39m[2m/src/modules/ai-assistant/video-face-enhance/index.tsx[22m
[2m4:52:29 PM[22m [36m[1m[vite][22m[39m [32mhmr update [39m[2m/src/modules/ai-assistant/face-enhance/index.tsx, /src/modules/ai-assistant/video-face-enhance/index.tsx[22m
[2m4:52:48 PM[22m [36m[1m[vite][22m[39m [32mhmr update [39m[2m/src/App.tsx, /src/pages/Home.tsx[22m
[2m4:54:31 PM[22m [36m[1m[vite][22m[39m [32mhmr update [39m[2m/src/modules/ai-assistant/video-face-enhance/index.tsx[22m
[2m4:54:31 PM[22m [36m[1m[vite][22m[39m [32mhmr update [39m[2m/src/modules/ai-assistant/face-enhance/index.tsx, /src/modules/ai-assistant/video-face-enhance/index.tsx[22m
[2m4:54:31 PM[22m [36m[1m[vite][22m[39m [32mhmr update [39m[2m/src/modules/ai-assistant/face-enhance/index.tsx, /src/modules/ai-assistant/video-face-enhance/index.tsx[22m
[2m4:54:31 PM[22m [36m[1m[vite][22m[39m [32mhmr update [39m[2m/src/App.tsx, /src/pages/Home.tsx[22m
[2m4:54:31 PM[22m [36m[1m[vite][22m[39m [32mhmr update [39m[2m/src/modules/ai-assistant/face-enhance/index.tsx, /src/modules/ai-assistant/video-face-enhance/index.tsx[22m
[2m4:54:31 PM[22m [36m[1m[vite][22m[39m [32mhmr update [39m[2m/src/modules/ai-assistant/face-enhance/index.tsx[22m
[2m4:54:31 PM[22m [36m[1m[vite][22m[39m [32mhmr update [39m[2m/src/modules/ai-assistant/face-enhance/index.tsx[22m
[2m4:54:31 PM[22m [36m[1m[vite][22m[39m [32mpage reload [39m[2msrc/modules/ai-assistant/video-face-enhance/faceWorker.ts[22m
[2m4:54:31 PM[22m [36m[1m[vite][22m[39m [32mpage reload [39m[2msrc/modules/shared/recordWithAudio.ts[22m
[2m4:54:31 PM[22m [36m[1m[vite][22m[39m [32mhmr update [39m[2m/src/modules/ai-assistant/face-enhance/index.tsx, /src/modules/ai-assistant/video-face-enhance/index.tsx[22m
[2m4:54:31 PM[22m [36m[1m[vite][22m[39m [32mhmr update [39m[2m/src/modules/ai-assistant/face-enhance/index.tsx, /src/modules/ai-assistant/video-face-enhance/index.tsx[22m
[2m4:54:31 PM[22m [36m[1m[vite][22m[39m [32mpage reload [39m[2msrc/modules/ai-assistant/video-face-enhance/faceWorker.ts[22m
[2m4:54:42 PM[22m [36m[1m[vite][22m[39m [32mhmr update [39m[2m/src/modules/ai-assistant/video-face-enhance/index.tsx[22m
[2m4:54:50 PM[22m [36m[1m[vite][22m[39m [32mhmr update [39m[2m/src/modules/ai-assistant/video-face-enhance/index.tsx[22m
[2m4:55:02 PM[22m [36m[1m[vite][22m[39m [32mhmr update [39m[2m/src/modules/ai-assistant/video-face-enhance/index.tsx[22m
[2m4:55:11 PM[22m [36m[1m[vite][22m[39m [32mhmr update [39m[2m/src/modules/ai-assistant/face-enhance/index.tsx, /src/modules/ai-assistant/video-face-enhance/index.tsx[22m
[2m4:55:29 PM[22m [36m[1m[vite][22m[39m [32mhmr update [39m[2m/src/App.tsx, /src/pages/Home.tsx[22m
[2m4:56:23 PM[22m [36m[1m[vite][22m[39m [32mhmr update [39m[2m/src/modules/ai-assistant/video-face-enhance/index.tsx[22m
[2m4:56:23 PM[22m [36m[1m[vite][22m[39m [32mhmr update [39m[2m/src/modules/ai-assistant/face-enhance/index.tsx, /src/modules/ai-assistant/video-face-enhance/index.tsx[22m
[2m4:56:23 PM[22m [36m[1m[vite][22m[39m [32mhmr update [39m[2m/src/modules/ai-assistant/face-enhance/index.tsx, /src/modules/ai-assistant/video-face-enhance/index.tsx[22m
[2m4:56:23 PM[22m [36m[1m[vite][22m[39m [32mhmr update [39m[2m/src/App.tsx, /src/pages/Home.tsx[22m
[2m4:56:23 PM[22m [36m[1m[vite][22m[39m [32mhmr update [39m[2m/src/modules/ai-assistant/face-enhance/index.tsx, /src/modules/ai-assistant/video-face-enhance/index.tsx[22m
[2m4:56:23 PM[22m [36m[1m[vite][22m[39m [32mhmr update [39m[2m/src/modules/ai-assistant/face-enhance/index.tsx[22m
[2m4:56:23 PM[22m [36m[1m[vite][22m[39m [32mpage reload [39m[2msrc/modules/shared/recordWithAudio.ts[22m
[2m4:56:23 PM[22m [36m[1m[vite][22m[39m [32mhmr update [39m[2m/src/modules/ai-assistant/face-enhance/index.tsx[22m
[2m4:56:23 PM[22m [36m[1m[vite][22m[39m [32mpage reload [39m[2msrc/modules/ai-assistant/video-face-enhance/faceWorker.ts[22m
[2m4:56:28 PM[22m [36m[1m[vite][22m[39m [32mpage reload [39m[2msrc/modules/shared/recordWithAudio.ts[22m
[2m4:56:28 PM[22m [36m[1m[vite][22m[39m [32mhmr update [39m[2m/src/modules/ai-assistant/face-enhance/index.tsx, /src/modules/ai-assistant/video-face-enhance/index.tsx[22m
[2m4:56:34 PM[22m [36m[1m[vite][22m[39m [32mhmr update [39m[2m/src/modules/ai-assistant/video-face-enhance/index.tsx[22m
[2m4:56:46 PM[22m [36m[1m[vite][22m[39m [32mhmr update [39m[2m/src/modules/ai-assistant/video-face-enhance/index.tsx[22m
[2m4:56:53 PM[22m [36m[1m[vite][22m[39m [32mhmr update [39m[2m/src/modules/ai-assistant/face-enhance/index.tsx, /src/modules/ai-assistant/video-face-enhance/index.tsx[22m
[2m4:57:08 PM[22m [36m[1m[vite][22m[39m [32mhmr update [39m[2m/src/App.tsx, /src/pages/Home.tsx[22m
[2m4:58:01 PM[22m [36m[1m[vite][22m[39m [32mhmr update [39m[2m/src/modules/ai-assistant/video-face-enhance/index.tsx[22m
[2m4:58:01 PM[22m [36m[1m[vite][22m[39m [32mhmr update [39m[2m/src/modules/ai-assistant/face-enhance/index.tsx, /src/modules/ai-assistant/video-face-enhance/index.tsx[22m
[2m4:58:01 PM[22m [36m[1m[vite][22m[39m [32mhmr update [39m[2m/src/App.tsx, /src/pages/Home.tsx[22m
[2m4:58:02 PM[22m [36m[1m[vite][22m[39m [32mhmr update [39m[2m/src/modules/ai-assistant/face-enhance/index.tsx, /src/modules/ai-assistant/video-face-enhance/index.tsx[22m
[2m4:58:02 PM[22m [36m[1m[vite][22m[39m [32mpage reload [39m[2msrc/modules/ai-assistant/video-face-enhance/faceWorker.ts[22m
[2m4:58:02 PM[22m [36m[1m[vite][22m[39m [32mhmr update [39m[2m/src/modules/ai-assistant/face-enhance/index.tsx[22m
[2m4:58:02 PM[22m [36m[1m[vite][22m[39m [32mpage reload [39m[2msrc/modules/shared/recordWithAudio.ts[22m
[2m4:58:02 PM[22m [36m[1m[vite][22m[39m [32mhmr update [39m[2m/src/modules/ai-assistant/face-enhance/index.tsx[22m
[2m4:58:02 PM[22m [36m[1m[vite][22m[39m [32mpage reload [39m[2msrc/modules/shared/recordWithAudio.ts[22m
[2m4:58:08 PM[22m [36m[1m[vite][22m[39m [32mpage reload [39m[2msrc/modules/ai-assistant/video-face-enhance/faceWorker.ts[22m
[2m5:09:10 PM[22m [36m[1m[vite][22m[39m [32mhmr update [39m[2m/src/modules/ai-assistant/face-enhance/index.tsx, /src/modules/ai-assistant/video-face-enhance/index.tsx[22m
[2m5:11:14 PM[22m [36m[1m[vite][22m[39m [32mhmr update [39m[2m/src/modules/ai-assistant/face-enhance/index.tsx[22m
[2m5:11:24 PM[22m [36m[1m[vite][22m[39m [32mhmr update [39m[2m/src/modules/ai-assistant/face-enhance/index.tsx[22m
[2m5:11:30 PM[22m [36m[1m[vite][22m[39m [32mhmr update [39m[2m/src/modules/ai-assistant/face-enhance/index.tsx[22m
[2m5:13:00 PM[22m [36m[1m[vite][22m[39m [32mhmr update [39m[2m/src/App.tsx, /src/pages/Home.tsx[22m
[2m5:17:55 PM[22m [36m[1m[vite][22m[39m [32mpage reload [39m[2msrc/modules/ai-assistant/face-enhance/faceEnhance.worker.ts[22m
[2m5:17:58 PM[22m [36m[1m[vite][22m[39m [32mpage reload [39m[2msrc/modules/ai-assistant/face-enhance/faceEnhance.worker.ts[22m
[2m5:18:10 PM[22m [36m[1m[vite][22m[39m [32mhmr update [39m[2m/src/modules/ai-assistant/face-enhance/index.tsx[22m
[2m5:18:48 PM[22m [36m[1m[vite][22m[39m [32mpage reload [39m[2msrc/modules/ai-assistant/face-enhance/faceEnhance.worker.ts[22m
[2m5:20:53 PM[22m [36m[1m[vite][22m[39m [32mhmr update [39m[2m/src/modules/ai-assistant/face-enhance/index.tsx[22m
[2m5:22:03 PM[22m [36m[1m[vite][22m[39m [32mhmr update [39m[2m/src/modules/ai-assistant/face-enhance/index.tsx[22m
[2m5:27:36 PM[22m [36m[1m[vite][22m[39m [32mhmr update [39m[2m/src/modules/ai-assistant/face-enhance/index.tsx[22m
[2m5:27:49 PM[22m [36m[1m[vite][22m[39m [32mhmr update [39m[2m/src/modules/ai-assistant/video-face-enhance/index.tsx[22m
[2m5:33:09 PM[22m [36m[1m[vite][22m[39m [32mhmr update [39m[2m/src/modules/ai-assistant/video-face-enhance/index.tsx[22m
[2m5:33:14 PM[22m [36m[1m[vite][22m[39m [32mhmr update [39m[2m/src/modules/ai-assistant/video-face-enhance/style.css[22m
[2m5:33:27 PM[22m [36m[1m[vite][22m[39m [32mhmr update [39m[2m/src/modules/ai-assistant/video-face-enhance/index.tsx[22m
[2m5:33:59 PM[22m [36m[1m[vite][22m[39m [32mhmr update [39m[2m/src/modules/ai-assistant/video-face-enhance/index.tsx[22m
[2m5:36:42 PM[22m [36m[1m[vite][22m[39m [32mpage reload [39m[2msrc/modules/ai-assistant/video-face-enhance/videoEnhance.ts[22m
[2m5:36:50 PM[22m [36m[1m[vite][22m[39m [32mhmr update [39m[2m/src/modules/ai-assistant/video-face-enhance/index.tsx[22m
[2m5:37:03 PM[22m [36m[1m[vite][22m[39m [32mhmr update [39m[2m/src/modules/ai-assistant/video-face-enhance/index.tsx[22m
[2m5:37:21 PM[22m [36m[1m[vite][22m[39m [32mhmr update [39m[2m/src/modules/ai-assistant/video-face-enhance/index.tsx[22m
[2m5:37:35 PM[22m [36m[1m[vite][22m[39m [32mhmr update [39m[2m/src/modules/ai-assistant/video-face-enhance/index.tsx[22m
[2m5:37:40 PM[22m [36m[1m[vite][22m[39m [32mhmr update [39m[2m/src/modules/ai-assistant/video-face-enhance/style.css[22m
[2m5:40:15 PM[22m [36m[1m[vite][22m[39m [32mpage reload [39m[2msrc/modules/ai-assistant/video-face-enhance/videoEnhance.ts[22m
[2m5:40:30 PM[22m [36m[1m[vite][22m[39m [32mhmr update [39m[2m/src/modules/ai-assistant/video-face-enhance/index.tsx[22m
[2m5:40:39 PM[22m [36m[1m[vite][22m[39m [32mhmr update [39m[2m/src/modules/ai-assistant/video-face-enhance/index.tsx[22m
[2m5:40:44 PM[22m [36m[1m[vite][22m[39m [32mhmr update [39m[2m/src/modules/ai-assistant/video-face-enhance/style.css[22m
[2m5:46:42 PM[22m [36m[1m[vite][22m[39m [32mhmr update [39m[2m/src/modules/ai-assistant/face-enhance/index.tsx[22m
[2m5:50:39 PM[22m [36m[1m[vite][22m[39m [32mhmr update [39m[2m/src/modules/shared/SyncedPhotoCompare.tsx[22m
[2m5:54:51 PM[22m [36m[1m[vite][22m[39m [32mhmr update [39m[2m/src/modules/ai-assistant/video-face-enhance/index.tsx[22m
[2m5:57:53 PM[22m [36m[1m[vite][22m[39m [32mhmr update [39m[2m/src/App.tsx, /src/pages/Home.tsx[22m
[2m6:05:05 PM[22m [36m[1m[vite][22m[39m [32mhmr update [39m[2m/src/modules/ai-assistant/video-face-enhance/index.tsx, /src/modules/ai-assistant/slideshow-to-video/index.tsx[22m
[2m6:05:05 PM[22m [36m[1m[vite][22m[39m [33mhmr invalidate [39m[2m/src/modules/ai-assistant/slideshow-to-video/index.tsx[22m Could not Fast Refresh ("fmtTime" export is incompatible). Learn more at https://github.com/vitejs/vite-plugin-react/tree/main/packages/plugin-react#consistent-components-exports
[2m6:05:05 PM[22m [36m[1m[vite][22m[39m [32mhmr update [39m[2m/src/App.tsx, /src/pages/Home.tsx[22m
[2m6:05:29 PM[22m [36m[1m[vite][22m[39m [32mhmr update [39m[2m/src/modules/ai-assistant/slideshow-to-video/index.tsx[22m
[2m6:05:29 PM[22m [36m[1m[vite][22m[39m [33mhmr invalidate [39m[2m/src/modules/ai-assistant/slideshow-to-video/index.tsx[22m Could not Fast Refresh (new export)
[2m6:05:29 PM[22m [36m[1m[vite][22m[39m [32mhmr update [39m[2m/src/App.tsx, /src/pages/Home.tsx[22m
[2m6:05:32 PM[22m [36m[1m[vite][22m[39m [32mhmr update [39m[2m/src/modules/ai-assistant/slideshow-to-video/style.css[22m
[2m6:09:51 PM[22m [36m[1m[vite][22m[39m [32mpage reload [39m[2msrc/modules/ai-assistant/video-face-enhance/videoEnhance.ts[22m
[2m6:09:58 PM[22m [36m[1m[vite][22m[39m [32mhmr update [39m[2m/src/modules/ai-assistant/video-face-enhance/index.tsx[22m
[2m6:10:05 PM[22m [36m[1m[vite][22m[39m [32mhmr update [39m[2m/src/modules/ai-assistant/video-face-enhance/index.tsx[22m
[2m6:10:16 PM[22m [36m[1m[vite][22m[39m [32mhmr update [39m[2m/src/modules/ai-assistant/video-face-enhance/index.tsx[22m
[2m6:10:20 PM[22m [36m[1m[vite][22m[39m [32mhmr update [39m[2m/src/modules/ai-assistant/video-face-enhance/index.tsx[22m
[2m6:14:12 PM[22m [36m[1m[vite][22m[39m [32mpage reload [39m[2msrc/modules/ai-assistant/video-face-enhance/videoEnhance.ts[22m
[2m6:14:38 PM[22m [36m[1m[vite][22m[39m [32mhmr update [39m[2m/src/modules/ai-assistant/video-face-enhance/index.tsx[22m
[2m6:14:42 PM[22m [36m[1m[vite][22m[39m [32mhmr update [39m[2m/src/modules/ai-assistant/video-face-enhance/index.tsx[22m
[2m6:14:42 PM[22m [36m[1m[vite][22m[39m [32mhmr update [39m[2m/src/modules/ai-assistant/video-face-enhance/style.css[22m
[2m6:19:59 PM[22m [36m[1m[vite][22m[39m [32mhmr update [39m[2m/src/modules/ai-assistant/video-face-enhance/index.tsx[22m
[2m6:20:07 PM[22m [36m[1m[vite][22m[39m [32mhmr update [39m[2m/src/modules/ai-assistant/video-face-enhance/index.tsx[22m
[2m6:20:07 PM[22m [36m[1m[vite][22m[39m [32mhmr update [39m[2m/src/modules/ai-assistant/video-face-enhance/style.css[22m
[2m6:23:56 PM[22m [36m[1m[vite][22m[39m [32mpage reload [39m[2msrc/modules/ai-assistant/video-face-enhance/videoEnhance.ts[22m
[2m6:24:02 PM[22m [36m[1m[vite][22m[39m [32mhmr update [39m[2m/src/modules/ai-assistant/video-face-enhance/index.tsx[22m
[2m6:24:21 PM[22m [36m[1m[vite][22m[39m [32mhmr update [39m[2m/src/modules/ai-assistant/slideshow-to-video/index.tsx[22m
[2m6:25:12 PM[22m [36m[1m[vite][22m[39m [32mhmr update [39m[2m/src/modules/ai-assistant/slideshow-to-video/index.tsx[22m
[2m6:32:07 PM[22m [36m[1m[vite][22m[39m [32mpage reload [39m[2msrc/modules/ai-assistant/video-face-enhance/videoEnhance.ts[22m
[2m6:32:17 PM[22m [36m[1m[vite][22m[39m [32mhmr update [39m[2m/src/modules/ai-assistant/video-face-enhance/index.tsx[22m
[2m6:32:38 PM[22m [36m[1m[vite][22m[39m [32mhmr update [39m[2m/src/modules/ai-assistant/slideshow-to-video/index.tsx[22m
[2m6:32:53 PM[22m [36m[1m[vite][22m[39m [32mhmr update [39m[2m/src/modules/ai-assistant/slideshow-to-video/index.tsx[22m
[2m6:33:38 PM[22m [36m[1m[vite][22m[39m [32mhmr update [39m[2m/src/modules/ai-assistant/video-face-enhance/index.tsx[22m
[2m6:33:38 PM[22m [36m[1m[vite][22m[39m [32mhmr update [39m[2m/src/modules/ai-assistant/video-face-enhance/style.css[22m
[2m6:34:28 PM[22m [36m[1m[vite][22m[39m [32mpage reload [39m[2msrc/modules/ai-assistant/video-face-enhance/videoEnhance.ts[22m
[2m6:34:38 PM[22m [36m[1m[vite][22m[39m [32mhmr update [39m[2m/src/modules/ai-assistant/video-face-enhance/index.tsx[22m
[2m6:34:38 PM[22m [36m[1m[vite][22m[39m [32mhmr update [39m[2m/src/modules/ai-assistant/video-face-enhance/style.css[22m
[2m6:35:25 PM[22m [36m[1m[vite][22m[39m [32mhmr update [39m[2m/src/modules/ai-assistant/video-face-enhance/index.tsx[22m
[2m6:35:33 PM[22m [36m[1m[vite][22m[39m [32mpage reload [39m[2msrc/modules/ai-assistant/video-face-enhance/videoEnhance.ts[22m
[2m6:36:36 PM[22m [36m[1m[vite][22m[39m [32mhmr update [39m[2m/src/modules/ai-assistant/video-face-enhance/index.tsx, /src/modules/ai-assistant/slideshow-to-video/index.tsx[22m
[2m6:37:03 PM[22m [36m[1m[vite][22m[39m [32mhmr update [39m[2m/src/modules/ai-assistant/slideshow-to-video/index.tsx[22m
[2m6:37:03 PM[22m [36m[1m[vite][22m[39m [32mhmr update [39m[2m/src/modules/ai-assistant/slideshow-to-video/style.css[22m
[2m6:38:57 PM[22m [36m[1m[vite][22m[39m [32mhmr update [39m[2m/src/App.tsx, /src/pages/Home.tsx[22m
[2m6:38:57 PM[22m [36m[1m[vite][22m[39m [32mhmr update [39m[2m/src/modules/ai-assistant/video-face-enhance/index.tsx, /src/modules/ai-assistant/slideshow-to-video/index.tsx[22m
[2m6:38:57 PM[22m [36m[1m[vite][22m[39m [32mhmr update [39m[2m/src/modules/ai-assistant/slideshow-to-video/index.tsx[22m
[2m6:38:57 PM[22m [36m[1m[vite][22m[39m [32mpage reload [39m[2msrc/modules/ai-assistant/slideshow-to-video/optionsStorage.ts[22m
[2m6:38:57 PM[22m [36m[1m[vite][22m[39m [32mpage reload [39m[2msrc/modules/ai-assistant/slideshow-to-video/slideshow.ts[22m
[2m6:38:57 PM[22m [36m[1m[vite][22m[39m [32mhmr update [39m[2m/src/modules/ai-assistant/slideshow-to-video/style.css[22m
[2m6:39:40 PM[22m [36m[1m[vite][22m[39m [32mhmr update [39m[2m/src/modules/ai-assistant/face-enhance/index.tsx[22m
[2m6:39:43 PM[22m [36m[1m[vite][22m[39m [32mhmr update [39m[2m/src/modules/ai-assistant/enhance-photo/index.tsx[22m
[2m6:39:43 PM[22m [36m[1m[vite][22m[39m [32mhmr update [39m[2m/src/modules/shared/SyncedPhotoCompare.tsx[22m
[2m6:39:43 PM[22m [36m[1m[vite][22m[39m [32mhmr update [39m[2m/src/modules/shared/syncedCompare.css[22m
[2m6:40:44 PM[22m [36m[1m[vite][22m[39m [32mpage reload [39m[2msrc/modules/ai-assistant/video-face-enhance/videoEnhance.ts[22m
[2m6:40:44 PM[22m [36m[1m[vite][22m[39m [32mhmr update [39m[2m/src/modules/ai-assistant/video-face-enhance/index.tsx[22m
[2m6:40:44 PM[22m [36m[1m[vite][22m[39m [32mhmr update [39m[2m/src/modules/ai-assistant/video-face-enhance/style.css[22m
[2m6:41:07 PM[22m [36m[1m[vite][22m[39m [32mhmr update [39m[2m/src/modules/ai-assistant/video-face-enhance/index.tsx[22m
[2m6:41:20 PM[22m [36m[1m[vite][22m[39m [32mhmr update [39m[2m/src/modules/ai-assistant/video-face-enhance/index.tsx[22m
[2m6:42:43 PM[22m [36m[1m[vite][22m[39m [32mhmr update [39m[2m/src/modules/ai-assistant/video-face-enhance/index.tsx[22m
[2m6:42:43 PM[22m [36m[1m[vite][22m[39m [32mpage reload [39m[2msrc/modules/ai-assistant/video-face-enhance/videoEnhance.ts[22m
[2m6:42:43 PM[22m [36m[1m[vite][22m[39m [32mhmr update [39m[2m/src/modules/ai-assistant/video-face-enhance/style.css[22m
[2m6:43:11 PM[22m [36m[1m[vite][22m[39m [32mhmr update [39m[2m/src/modules/ai-assistant/video-face-enhance/index.tsx[22m
[2m6:44:00 PM[22m [36m[1m[vite][22m[39m [32mhmr update [39m[2m/src/modules/ai-assistant/video-face-enhance/index.tsx[22m
[2m6:44:00 PM[22m [36m[1m[vite][22m[39m [32mhmr update [39m[2m/src/modules/ai-assistant/video-face-enhance/style.css[22m
[2m6:44:25 PM[22m [36m[1m[vite][22m[39m [32mhmr update [39m[2m/src/modules/ai-assistant/upscale-denoise/index.tsx[22m
[2m6:44:25 PM[22m [36m[1m[vite][22m[39m [32mhmr update [39m[2m/src/modules/ai-assistant/video-face-enhance/index.tsx[22m
[2m6:44:25 PM[22m [36m[1m[vite][22m[39m [32mhmr update [39m[2m/src/modules/ai-assistant/face-enhance/index.tsx[22m
[2m6:44:25 PM[22m [36m[1m[vite][22m[39m [32mhmr update [39m[2m/src/modules/ai-assistant/face-enhance/index.tsx, /src/modules/ai-assistant/upscale-denoise/index.tsx[22m
[2m6:45:54 PM[22m [36m[1m[vite][22m[39m [32mhmr update [39m[2m/src/App.tsx[22m
[2m6:45:54 PM[22m [36m[1m[vite][22m[39m [32mhmr update [39m[2m/src/components/ModuleErrorBoundary.tsx[22m
[2m6:45:54 PM[22m [36m[1m[vite][22m[39m [32mpage reload [39m[2msrc/main.tsx[22m
[2m6:45:54 PM[22m [36m[1m[vite][22m[39m [32mhmr update [39m[2m/src/modules/ai-assistant/enhance-photo/index.tsx[22m
[2m6:45:54 PM[22m [36m[1m[vite][22m[39m [32mhmr update [39m[2m/src/index.css[22m
[2m6:45:54 PM[22m [36m[1m[vite][22m[39m [32mhmr update [39m[2m/src/modules/ai-assistant/enhance-photo/index.tsx[22m
[2m6:45:54 PM[22m [36m[1m[vite][22m[39m [32mhmr update [39m[2m/src/modules/ai-assistant/enhance-photo/index.tsx[22m
[2m6:45:54 PM[22m [36m[1m[vite][22m[39m [32mhmr update [39m[2m/src/modules/ai-assistant/enhance-photo/style.css[22m
[2m6:45:54 PM[22m [36m[1m[vite][22m[39m [32mpage reload [39m[2msrc/modules/ai-assistant/video-face-enhance/faceWorker.ts[22m
[2m6:45:54 PM[22m [36m[1m[vite][22m[39m [32mpage reload [39m[2msrc/modules/ai-assistant/face-enhance/faceEnhance.ts[22m
[2m6:45:54 PM[22m [36m[1m[vite][22m[39m [32mpage reload [39m[2msrc/modules/ai-assistant/face-enhance/faceEnhance.worker.ts[22m
[2m6:45:54 PM[22m [36m[1m[vite][22m[39m [32mhmr update [39m[2m/src/modules/ai-assistant/face-enhance/index.tsx[22m
[2m6:45:54 PM[22m [36m[1m[vite][22m[39m [32mhmr update [39m[2m/src/modules/ai-assistant/face-enhance/index.tsx[22m
[2m6:45:54 PM[22m [36m[1m[vite][22m[39m [32mhmr update [39m[2m/src/modules/ai-assistant/face-enhance/index.tsx[22m
[2m6:45:54 PM[22m [36m[1m[vite][22m[39m [32mhmr update [39m[2m/src/modules/ai-assistant/face-enhance/style.css[22m
[2m6:45:54 PM[22m [36m[1m[vite][22m[39m [32mhmr update [39m[2m/src/modules/ai-assistant/upscale-denoise/index.tsx[22m
[2m6:45:54 PM[22m [36m[1m[vite][22m[39m [32mhmr update [39m[2m/src/modules/ai-assistant/upscale-denoise/index.tsx[22m
[2m6:45:54 PM[22m [36m[1m[vite][22m[39m [32mhmr update [39m[2m/src/modules/ai-assistant/upscale-denoise/index.tsx[22m
[2m6:45:54 PM[22m [36m[1m[vite][22m[39m [32mhmr update [39m[2m/src/modules/ai-assistant/upscale-denoise/style.css[22m
[2m6:45:54 PM[22m [36m[1m[vite][22m[39m [32mpage reload [39m[2msrc/modules/ai-assistant/upscale-denoise/waifu2x.ts[22m
[2m6:45:54 PM[22m [36m[1m[vite][22m[39m [32mpage reload [39m[2msrc/modules/ai-assistant/upscale-denoise/waifu2x.worker.ts[22m
[2m6:45:54 PM[22m [36m[1m[vite][22m[39m [32mhmr update [39m[2m/src/modules/ai-assistant/video-face-enhance/index.tsx[22m
[2m6:45:54 PM[22m [36m[1m[vite][22m[39m [32mhmr update [39m[2m/src/modules/ai-assistant/face-enhance/index.tsx, /src/modules/ai-assistant/video-face-enhance/index.tsx[22m
[2m6:45:54 PM[22m [36m[1m[vite][22m[39m [32mhmr update [39m[2m/src/modules/ai-assistant/video-face-enhance/style.css[22m
[2m6:45:54 PM[22m [36m[1m[vite][22m[39m [32mpage reload [39m[2msrc/modules/ai-assistant/video-face-enhance/videoEnhance.ts[22m
[2m6:45:54 PM[22m [36m[1m[vite][22m[39m [32mhmr update [39m[2m/src/modules/photo-studio/pas-foto-3x4/index.tsx[22m
[2m6:45:54 PM[22m [36m[1m[vite][22m[39m [32mhmr update [39m[2m/src/modules/photo-studio/shared/A4SheetPreview.tsx[22m
[2m6:45:54 PM[22m [36m[1m[vite][22m[39m [32mhmr update [39m[2m/src/pages/Home.tsx[22m
[2m6:45:54 PM[22m [36m[1m[vite][22m[39m [32mhmr update [39m[2m/src/App.tsx, /src/pages/Home.tsx[22m
[2m6:45:54 PM[22m [36m[1m[vite][22m[39m [32mhmr update [39m[2m/src/modules/photo-studio/shared/CropperEditor.tsx[22m
[2m6:45:54 PM[22m [36m[1m[vite][22m[39m [32mhmr update [39m[2m/src/modules/photo-studio/shared/PasFotoWorkflow.tsx[22m
[2m6:45:54 PM[22m [36m[1m[vite][22m[39m [32mpage reload [39m[2msrc/modules/photo-studio/shared/faceDetect.ts[22m
[2m6:45:54 PM[22m [36m[1m[vite][22m[39m [32mhmr update [39m[2m/src/modules/photo-studio/shared/PasFotoWorkflow.tsx, /src/modules/photo-studio/shared/A4SheetPreview.tsx[22m
[2m6:45:54 PM[22m [36m[1m[vite][22m[39m [32mhmr update [39m[2m/src/modules/photo-studio/shared/PasFotoWorkflow.tsx[22m
[2m6:45:54 PM[22m [36m[1m[vite][22m[39m [32mhmr update [39m[2m/src/modules/photo-studio/shared/PasFotoWorkflow.tsx, /src/modules/photo-studio/shared/A4SheetPreview.tsx[22m
[2m6:45:54 PM[22m [36m[1m[vite][22m[39m [32mhmr update [39m[2m/src/modules/photo-studio/shared/PasFotoWorkflow.tsx[22m
[2m6:45:54 PM[22m [36m[1m[vite][22m[39m [32mhmr update [39m[2m/src/modules/photo-studio/shared/style.css[22m
[2m6:45:54 PM[22m [36m[1m[vite][22m[39m [32mhmr update [39m[2m/src/modules/ai-assistant/face-enhance/index.tsx, /src/modules/ai-assistant/video-face-enhance/index.tsx, /src/modules/photo-studio/shared/PasFotoWorkflow.tsx, /src/modules/ai-assistant/upscale-denoise/index.tsx, /src/modules/ai-assistant/enhance-photo/index.tsx[22m
[2m6:45:54 PM[22m [36m[1m[vite][22m[39m [32mhmr update [39m[2m/src/modules/ai-assistant/face-enhance/index.tsx, /src/modules/ai-assistant/video-face-enhance/index.tsx, /src/modules/photo-studio/pas-foto-3x4/index.tsx, /src/modules/photo-studio/shared/PasFotoWorkflow.tsx, /src/modules/ai-assistant/upscale-denoise/index.tsx[22m
[2m6:45:54 PM[22m [36m[1m[vite][22m[39m [32mhmr update [39m[2m/src/modules/ai-assistant/face-enhance/index.tsx, /src/modules/ai-assistant/video-face-enhance/index.tsx, /src/modules/photo-studio/shared/PasFotoWorkflow.tsx, /src/modules/ai-assistant/upscale-denoise/index.tsx, /src/modules/ai-assistant/enhance-photo/index.tsx[22m
[2m6:45:54 PM[22m [36m[1m[vite][22m[39m [32mhmr update [39m[2m/src/modules/ai-assistant/video-face-enhance/index.tsx[22m
[2m6:45:54 PM[22m [36m[1m[vite][22m[39m [32mhmr update [39m[2m/src/modules/shared/ResetPreferencesButton.tsx[22m
[2m6:45:54 PM[22m [36m[1m[vite][22m[39m [32mpage reload [39m[2msrc/modules/shared/audioShared.ts[22m
[2m6:45:54 PM[22m [36m[1m[vite][22m[39m [32mhmr update [39m[2m/src/modules/ai-assistant/face-enhance/index.tsx, /src/modules/ai-assistant/upscale-denoise/index.tsx[22m
[2m6:45:54 PM[22m [36m[1m[vite][22m[39m [32mhmr update [39m[2m/src/modules/shared/syncedCompare.css[22m
[2m6:45:54 PM[22m [36m[1m[vite][22m[39m [32mhmr update [39m[2m/src/modules/shared/SyncedPhotoCompare.tsx[22m
[2m6:45:55 PM[22m [36m[1m[vite][22m[39m [32mhmr update [39m[2m/src/modules/ai-assistant/slideshow-to-video/index.tsx[22m
[2m6:45:55 PM[22m [36m[1m[vite][22m[39m [32mpage reload [39m[2msrc/modules/ai-assistant/slideshow-to-video/optionsStorage.ts[22m
[2m6:45:55 PM[22m [36m[1m[vite][22m[39m [32mpage reload [39m[2msrc/modules/ai-assistant/slideshow-to-video/slideshow.ts[22m
[2m6:45:55 PM[22m [36m[1m[vite][22m[39m [32mhmr update [39m[2m/src/modules/ai-assistant/slideshow-to-video/style.css[22m
[2m6:50:52 PM[22m [36m[1m[vite][22m[39m [32mhmr update [39m[2m/src/modules/ai-assistant/face-enhance/index.tsx[22m
[2m6:58:21 PM[22m [36m[1m[vite][22m[39m [32mpage reload [39m[2msrc/modules/ai-assistant/face-enhance/faceEnhance.ts[22m
[2m6:58:38 PM[22m [36m[1m[vite][22m[39m [32mpage reload [39m[2msrc/modules/ai-assistant/video-face-enhance/videoEnhance.ts[22m
[2m6:58:45 PM[22m [36m[1m[vite][22m[39m [32mhmr update [39m[2m/src/modules/ai-assistant/face-enhance/index.tsx[22m
[2m6:58:45 PM[22m [36m[1m[vite][22m[39m [32mhmr update [39m[2m/src/modules/ai-assistant/face-enhance/index.tsx[22m
[2m6:58:45 PM[22m [36m[1m[vite][22m[39m [32mhmr update [39m[2m/src/modules/ai-assistant/video-face-enhance/index.tsx[22m
[2m7:02:43 PM[22m [36m[1m[vite][22m[39m [32mpage reload [39m[2msrc/modules/ai-assistant/video-face-enhance/videoEnhance.ts[22m
[2m7:05:51 PM[22m [36m[1m[vite][22m[39m [32mhmr update [39m[2m/src/modules/photo-studio/shared/PasFotoWorkflow.tsx[22m
[2m7:05:51 PM[22m [36m[1m[vite][22m[39m [32mhmr update [39m[2m/src/modules/ai-assistant/enhance-photo/index.tsx[22m
[2m7:06:01 PM[22m [36m[1m[vite][22m[39m [32mhmr update [39m[2m/src/modules/ai-assistant/video-face-enhance/index.tsx[22m
[2m7:06:01 PM[22m [36m[1m[vite][22m[39m [32mhmr update [39m[2m/src/modules/ai-assistant/face-enhance/index.tsx[22m
[2m7:06:01 PM[22m [36m[1m[vite][22m[39m [32mhmr update [39m[2m/src/modules/ai-assistant/upscale-denoise/index.tsx[22m
[2m7:06:01 PM[22m [36m[1m[vite][22m[39m [32mhmr update [39m[2m/src/modules/ai-assistant/slideshow-to-video/index.tsx[22m
[2m7:06:09 PM[22m [36m[1m[vite][22m[39m [32mhmr update [39m[2m/src/modules/ai-assistant/slideshow-to-video/index.tsx[22m
[2m7:13:17 PM[22m [36m[1m[vite][22m[39m [32mhmr update [39m[2m/src/modules/ai-assistant/face-enhance/index.tsx, /src/modules/ai-assistant/video-face-enhance/index.tsx, /src/modules/photo-studio/shared/PasFotoWorkflow.tsx, /src/modules/ai-assistant/upscale-denoise/index.tsx, /src/modules/ai-assistant/enhance-photo/index.tsx[22m
[2m7:17:27 PM[22m [36m[1m[vite][22m[39m [32mhmr update [39m[2m/src/modules/ai-assistant/slideshow-to-video/index.tsx[22m
[2m7:17:27 PM[22m [36m[1m[vite][22m[39m [33mhmr invalidate [39m[2m/src/modules/ai-assistant/slideshow-to-video/index.tsx[22m Could not Fast Refresh ("fmtBytes" export is incompatible). Learn more at https://github.com/vitejs/vite-plugin-react/tree/main/packages/plugin-react#consistent-components-exports
[2m7:17:27 PM[22m [36m[1m[vite][22m[39m [32mhmr update [39m[2m/src/App.tsx, /src/pages/Home.tsx[22m
[2m7:21:45 PM[22m [36m[1m[vite][22m[39m [32mhmr update [39m[2m/src/modules/ai-assistant/enhance-photo/index.tsx[22m
[2m7:22:24 PM[22m [36m[1m[vite][22m[39m [32mhmr update [39m[2m/src/modules/ai-assistant/enhance-photo/index.tsx[22m
[2m7:23:18 PM[22m [36m[1m[vite][22m[39m [32mhmr update [39m[2m/src/modules/ai-assistant/enhance-photo/index.tsx[22m
[2m7:27:57 PM[22m [36m[1m[vite][22m[39m [32mhmr update [39m[2m/src/modules/ai-assistant/enhance-photo/index.tsx[22m
[2m7:28:03 PM[22m [36m[1m[vite][22m[39m [32mhmr update [39m[2m/src/modules/ai-assistant/face-enhance/index.tsx[22m
[2m7:32:54 PM[22m [36m[1m[vite][22m[39m [32mhmr update [39m[2m/src/modules/ai-assistant/video-face-enhance/index.tsx, /src/modules/ai-assistant/face-enhance/index.tsx, /src/modules/ai-assistant/upscale-denoise/index.tsx, /src/modules/ai-assistant/enhance-photo/index.tsx, /src/modules/ai-assistant/slideshow-to-video/index.tsx, /src/modules/ai-assistant/background-removal/index.tsx[22m
[2m7:32:54 PM[22m [36m[1m[vite][22m[39m [33mhmr invalidate [39m[2m/src/modules/ai-assistant/slideshow-to-video/index.tsx[22m Could not Fast Refresh ("fmtBytes" export is incompatible). Learn more at https://github.com/vitejs/vite-plugin-react/tree/main/packages/plugin-react#consistent-components-exports
[2m7:32:54 PM[22m [36m[1m[vite][22m[39m [32mhmr update [39m[2m/src/App.tsx, /src/pages/Home.tsx[22m
[2m7:33:15 PM[22m [36m[1m[vite][22m[39m [32mhmr update [39m[2m/src/modules/ai-assistant/face-enhance/index.tsx[22m
[2m7:33:15 PM[22m [36m[1m[vite][22m[39m [32mhmr update [39m[2m/src/modules/ai-assistant/enhance-photo/index.tsx[22m
[2m7:33:15 PM[22m [36m[1m[vite][22m[39m [32mhmr update [39m[2m/src/modules/ai-assistant/upscale-denoise/index.tsx[22m
[2m7:37:53 PM[22m [36m[1m[vite][22m[39m [32mhmr update [39m[2m/src/modules/ai-assistant/background-removal/index.tsx[22m
[2m7:48:47 PM[22m [36m[1m[vite][22m[39m [32mhmr update [39m[2m/src/modules/ai-assistant/video-face-enhance/index.tsx[22m
[2m7:52:47 PM[22m [36m[1m[vite][22m[39m [32mhmr update [39m[2m/src/modules/ai-assistant/slideshow-to-video/index.tsx[22m
[2m7:53:50 PM[22m [36m[1m[vite][22m[39m [32mhmr update [39m[2m/src/modules/ai-assistant/slideshow-to-video/index.tsx[22m
[2m7:57:03 PM[22m [36m[1m[vite][22m[39m [32mhmr update [39m[2m/src/modules/ai-assistant/auto-layout/index.tsx[22m
[2m8:07:18 PM[22m [36m[1m[vite][22m[39m [32mhmr update [39m[2m/src/modules/ai-assistant/background-removal/index.tsx[22m
[2m8:07:36 PM[22m [36m[1m[vite][22m[39m [32mhmr update [39m[2m/src/modules/ai-assistant/background-removal/index.tsx[22m
[2m8:07:43 PM[22m [36m[1m[vite][22m[39m [32mhmr update [39m[2m/src/modules/ai-assistant/background-removal/index.tsx[22m
[2m8:09:38 PM[22m [36m[1m[vite][22m[39m [32mhmr update [39m[2m/src/modules/ai-assistant/background-removal/index.tsx[22m
[2m8:12:34 PM[22m [36m[1m[vite][22m[39m [32mhmr update [39m[2m/src/modules/ai-assistant/background-removal/index.tsx[22m
[2m8:15:11 PM[22m [36m[1m[vite][22m[39m [32mhmr update [39m[2m/src/modules/ai-assistant/background-removal/index.tsx[22m
[2m8:24:38 PM[22m [36m[1m[vite][22m[39m [32mhmr update [39m[2m/src/modules/ai-assistant/background-removal/index.tsx[22m
[2m8:29:06 PM[22m [36m[1m[vite][22m[39m [32mhmr update [39m[2m/src/modules/ai-assistant/auto-layout/index.tsx[22m
[2m8:37:13 PM[22m [36m[1m[vite][22m[39m [32mhmr update [39m[2m/src/App.tsx, /src/pages/Home.tsx[22m
[2m8:38:17 PM[22m [36m[1m[vite][22m[39m [32mhmr update [39m[2m/src/modules/ai-assistant/enhance-photo/index.tsx[22m
[2m8:38:22 PM[22m [36m[1m[vite][22m[39m [32mhmr update [39m[2m/src/modules/ai-assistant/face-enhance/index.tsx[22m
[2m8:40:27 PM[22m [36m[1m[vite][22m[39m [32mhmr update [39m[2m/src/modules/ai-assistant/enhance-photo/index.tsx[22m
[2m8:49:25 PM[22m [36m[1m[vite][22m[39m [32mhmr update [39m[2m/src/modules/ai-assistant/auto-layout/index.tsx, /src/modules/photo-studio/shared/FramePicker.tsx[22m
[2m8:50:08 PM[22m [36m[1m[vite][22m[39m [32mhmr update [39m[2m/src/modules/ai-assistant/auto-layout/index.tsx[22m
[2m8:50:14 PM[22m [36m[1m[vite][22m[39m [32mhmr update [39m[2m/src/modules/ai-assistant/auto-layout/index.tsx[22m
[2m8:51:28 PM[22m [36m[1m[vite][22m[39m [32mhmr update [39m[2m/src/modules/ai-assistant/auto-layout/index.tsx[22m
[2m8:53:51 PM[22m [36m[1m[vite][22m[39m [32mhmr update [39m[2m/src/modules/ai-assistant/auto-layout/index.tsx[22m
[2m8:56:59 PM[22m [36m[1m[vite][22m[39m [32mpage reload [39m[2msrc/modules/ai-assistant/auto-layout/frame.worker.ts[22m
[2m8:57:16 PM[22m [36m[1m[vite][22m[39m [32mhmr update [39m[2m/src/modules/ai-assistant/auto-layout/index.tsx[22m
[2m8:57:54 PM[22m [36m[1m[vite][22m[39m [32mpage reload [39m[2msrc/modules/ai-assistant/auto-layout/frame.worker.ts[22m
[2m8:57:59 PM[22m [36m[1m[vite][22m[39m [32mpage reload [39m[2msrc/modules/ai-assistant/auto-layout/frame.worker.ts[22m
[2m9:04:39 PM[22m [36m[1m[vite][22m[39m [32mhmr update [39m[2m/src/modules/ai-assistant/auto-layout/index.tsx[22m
[2m9:06:17 PM[22m [36m[1m[vite][22m[39m [32mhmr update [39m[2m/src/App.tsx, /src/pages/Home.tsx[22m
[2m9:11:00 PM[22m [36m[1m[vite][22m[39m [32mhmr update [39m[2m/src/modules/ai-assistant/auto-layout/index.tsx[22m
[2m9:21:32 PM[22m [36m[1m[vite][22m[39m [32mhmr update [39m[2m/src/modules/photo-studio/shared/A4SheetPreview.tsx[22m
[2m9:21:42 PM[22m [36m[1m[vite][22m[39m [32mhmr update [39m[2m/src/modules/photo-studio/shared/A4SheetPreview.tsx[22m
[2m9:23:15 PM[22m [36m[1m[vite][22m[39m [32mhmr update [39m[2m/src/modules/photo-studio/shared/A4SheetPreview.tsx[22m
[2m9:25:53 PM[22m [36m[1m[vite][22m[39m [32mhmr update [39m[2m/src/modules/photo-studio/shared/A4SheetPreview.tsx[22m
[2m9:26:44 PM[22m [36m[1m[vite][22m[39m [32mhmr update [39m[2m/src/modules/photo-studio/shared/A4SheetPreview.tsx[22m
[2m9:32:50 PM[22m [36m[1m[vite][22m[39m [32mhmr update [39m[2m/src/modules/photo-studio/shared/PasFotoWorkflow.tsx, /src/modules/ai-assistant/auto-layout/index.tsx[22m
[2m9:33:24 PM[22m [36m[1m[vite][22m[39m [32mhmr update [39m[2m/src/modules/photo-studio/shared/PasFotoWorkflow.tsx, /src/modules/ai-assistant/auto-layout/index.tsx[22m
[2m9:34:51 PM[22m [36m[1m[vite][22m[39m [32mvite.config.ts changed, restarting server...[39m
[2m9:34:52 PM[22m [36m[1m[vite][22m[39m server restarted.
[2m10:03:41 PM[22m [36m[1m[vite][22m[39m [32mhmr update [39m[2m/src/modules/ai-assistant/video-face-enhance/index.tsx[22m
[2m10:03:58 PM[22m [36m[1m[vite][22m[39m [32mhmr update [39m[2m/src/modules/ai-assistant/video-face-enhance/index.tsx[22m
[2m10:07:18 PM[22m [36m[1m[vite][22m[39m [32mhmr update [39m[2m/src/modules/ai-assistant/video-face-enhance/index.tsx[22m
[2m10:11:18 PM[22m [36m[1m[vite][22m[39m [32mhmr update [39m[2m/src/modules/ai-assistant/video-face-enhance/index.tsx[22m
[2m10:11:28 PM[22m [36m[1m[vite][22m[39m [32mhmr update [39m[2m/src/modules/ai-assistant/video-face-enhance/index.tsx[22m
[2m10:17:03 PM[22m [36m[1m[vite][22m[39m [32mhmr update [39m[2m/src/modules/ai-assistant/video-face-enhance/index.tsx[22m
[2m10:17:23 PM[22m [36m[1m[vite][22m[39m [32mhmr update [39m[2m/src/modules/ai-assistant/video-face-enhance/index.tsx[22m
